// Jest Snapshot v1, https://goo.gl/fbAQLP

exports[`matches snapshot 1`] = `
<DocumentFragment>
  <div>
    <form
      class="row g-0 mb-3"
    >
      <div
        class="col-sm-8"
      >
        <input
          bssize="lg"
          id="searchTerm"
          name="searchTerm"
          placeholder="Enter search term.."
          value=""
        />
      </div>
      <div
        class="col-sm-4 row g-0"
      >
        <button
          color="secondary"
          type="submit"
        >
          Search
        </button>
      </div>
    </form>
  </div>
</DocumentFragment>
`;
